// Jest Snapshot v1, https://goo.gl/fbAQLP

exports[`initPGService pg should work with envname 1`] = `[]`;

exports[`initPGService pg should work without envname 1`] = `
[
  [
    "warning",
    "‚ö†Ô∏è - Setting the password in the PG config is unsafe.",
  ],
  [
    "warning",
    "üêò - Initializing PG service...",
  ],
]
`;

exports[`initPGService should work with Knifecycle 1`] = `
[
  [
    "warning",
    "üêò - Initializing PG service...",
  ],
]
`;
